Created by PLY version 3.11 (http://www.dabeaz.com/ply)

Unused terminals:

    DATETIME
    DOUBLE
    FINAL
    INT
    NUEVA_LINEA
    PALABRA_CLAVE_ALTER
    PALABRA_CLAVE_AND
    PALABRA_CLAVE_AS
    PALABRA_CLAVE_ASC
    PALABRA_CLAVE_BETWEEN
    PALABRA_CLAVE_CREATE
    PALABRA_CLAVE_DATABASE
    PALABRA_CLAVE_DELETE
    PALABRA_CLAVE_DESC
    PALABRA_CLAVE_DROP
    PALABRA_CLAVE_EXISTS
    PALABRA_CLAVE_FOREIGN
    PALABRA_CLAVE_FULL
    PALABRA_CLAVE_HAVING
    PALABRA_CLAVE_IN
    PALABRA_CLAVE_INNER
    PALABRA_CLAVE_INSERT
    PALABRA_CLAVE_INTO
    PALABRA_CLAVE_JOIN
    PALABRA_CLAVE_KEY
    PALABRA_CLAVE_LEFT
    PALABRA_CLAVE_LIKE
    PALABRA_CLAVE_LIMIT
    PALABRA_CLAVE_NOT
    PALABRA_CLAVE_NULL
    PALABRA_CLAVE_ON
    PALABRA_CLAVE_PRIMARY
    PALABRA_CLAVE_RIGHT
    PALABRA_CLAVE_SET
    PALABRA_CLAVE_TABLE
    PALABRA_CLAVE_TRUNCATE
    PALABRA_CLAVE_UNION
    PALABRA_CLAVE_UPDATE
    PALABRA_CLAVE_USE
    PALABRA_CLAVE_VALUES
    TEXT
    TIMESTAMP
    TINYINT
    TIPO_DATO
    VARCHAR

Grammar

Rule 0     S' -> Inicio_consultas
Rule 1     Inicio_consultas -> PALABRA_CLAVE_SELECT select_individual
Rule 2     Inicio_consultas -> PALABRA_CLAVE_SELECT select_individual_funciones
Rule 3     Inicio_consultas -> PALABRA_CLAVE_SELECT select_intermedio PALABRA_CLAVE_FROM from_individual PALABRA_CLAVE_WHERE where
Rule 4     Inicio_consultas -> PALABRA_CLAVE_SELECT select_intermedio_funciones PALABRA_CLAVE_FROM from_individual
Rule 5     Inicio_consultas -> PALABRA_CLAVE_SELECT select_intermedio PALABRA_CLAVE_FROM from_individual
Rule 6     Inicio_consultas -> PALABRA_CLAVE_SELECT select_finales_funciones PALABRA_CLAVE_FROM from_individual PALABRA_CLAVE_GROUP_BY datos_groupby
Rule 7     Inicio_consultas -> PALABRA_CLAVE_SELECT select_finales_funciones PALABRA_CLAVE_FROM from_individual PALABRA_CLAVE_WHERE where PALABRA_CLAVE_GROUP_BY datos_groupby
Rule 8     select_intermedio -> columnas
Rule 9     valores -> DATE
Rule 10    valores -> NUMERO_ENTERO
Rule 11    valores -> NUMERO_DECIMAL
Rule 12    valores -> CADENA
Rule 13    columnas -> ID
Rule 14    columnas -> valores
Rule 15    columnas -> ID COMA columnas
Rule 16    columnas -> valores COMA columnas
Rule 17    columnas -> ID OPERADOR ID
Rule 18    columnas -> ID OPERADOR valores
Rule 19    columnas -> valores OPERADOR valores
Rule 20    columnas -> valores OPERADOR ID
Rule 21    columnas -> ID OPERADOR ID COMA columnas
Rule 22    columnas -> ID OPERADOR valores COMA columnas
Rule 23    columnas -> valores OPERADOR valores COMA columnas
Rule 24    columnas -> valores OPERADOR ID COMA columnas
Rule 25    datos_groupby -> INFO
Rule 26    INFO -> ID
Rule 27    INFO -> ID COMA INFO
Rule 28    select_individual_funciones -> Funcion_agregada_individual
Rule 29    Funcion_agregada_individual -> PALABRA_CLAVE_AVG PAR_IZQ expresion_individual PAR_DER
Rule 30    Funcion_agregada_individual -> PALABRA_CLAVE_MAX PAR_IZQ expresion_individual PAR_DER
Rule 31    Funcion_agregada_individual -> PALABRA_CLAVE_MIN PAR_IZQ expresion_individual PAR_DER
Rule 32    Funcion_agregada_individual -> PALABRA_CLAVE_COUNT PAR_IZQ expresion_individual PAR_DER
Rule 33    Funcion_agregada_individual -> PALABRA_CLAVE_SUM PAR_IZQ expresion_individual PAR_DER
Rule 34    expresion_individual -> valores_funciones
Rule 35    expresion_individual -> valores_funciones OPERADOR expresion_individual
Rule 36    valores_funciones -> NUMERO_ENTERO
Rule 37    valores_funciones -> NUMERO_DECIMAL
Rule 38    select_intermedio_funciones -> Funcion_agregada
Rule 39    Funcion_agregada -> PALABRA_CLAVE_AVG PAR_IZQ expresion PAR_DER
Rule 40    Funcion_agregada -> PALABRA_CLAVE_MAX PAR_IZQ expresion PAR_DER
Rule 41    Funcion_agregada -> PALABRA_CLAVE_MIN PAR_IZQ expresion PAR_DER
Rule 42    Funcion_agregada -> PALABRA_CLAVE_COUNT PAR_IZQ expresion PAR_DER
Rule 43    Funcion_agregada -> PALABRA_CLAVE_SUM PAR_IZQ expresion PAR_DER
Rule 44    expresion -> ID
Rule 45    expresion -> valores_funciones
Rule 46    expresion -> ID OPERADOR expresion
Rule 47    expresion -> valores_funciones OPERADOR expresion
Rule 48    select_finales_funciones -> ID COMA select_finales_funciones
Rule 49    select_finales_funciones -> valores COMA select_finales_funciones
Rule 50    select_finales_funciones -> Funcion_agregada COMA select_finales_funciones
Rule 51    select_finales_funciones -> ID
Rule 52    select_finales_funciones -> valores
Rule 53    select_finales_funciones -> Funcion_agregada
Rule 54    Funcion_agregada_final -> PALABRA_CLAVE_AVG PAR_IZQ expresion_final PAR_DER
Rule 55    Funcion_agregada_final -> PALABRA_CLAVE_MAX PAR_IZQ expresion_final PAR_DER
Rule 56    Funcion_agregada_final -> PALABRA_CLAVE_MIN PAR_IZQ expresion_final PAR_DER
Rule 57    Funcion_agregada_final -> PALABRA_CLAVE_COUNT PAR_IZQ expresion_final PAR_DER
Rule 58    Funcion_agregada_final -> PALABRA_CLAVE_SUM PAR_IZQ expresion_final PAR_DER
Rule 59    expresion_final -> ID
Rule 60    expresion_final -> valores_funciones
Rule 61    expresion_final -> ID OPERADOR expresion_final
Rule 62    expresion_final -> valores_funciones OPERADOR expresion_final
Rule 63    where -> condicion_where
Rule 64    condicion_where -> ID IGUAL datos_where
Rule 65    condicion_where -> ID COMPARADOR datos_where
Rule 66    datos_where -> ID
Rule 67    datos_where -> valores
Rule 68    datos_where -> valores OPERADOR datos_where
Rule 69    datos_where -> ID OPERADOR datos_where
Rule 70    from_individual -> tabla
Rule 71    tabla -> ID
Rule 72    tabla -> ID COMA tabla
Rule 73    select_individual -> colum_indiv
Rule 74    colum_indiv -> valores
Rule 75    colum_indiv -> valores COMA colum_indiv

Terminals, with rules where they appear

CADENA               : 12
COMA                 : 15 16 21 22 23 24 27 48 49 50 72 75
COMPARADOR           : 65
DATE                 : 9
DATETIME             : 
DOUBLE               : 
FINAL                : 
ID                   : 13 15 17 17 18 20 21 21 22 24 26 27 44 46 48 51 59 61 64 65 66 69 71 72
IGUAL                : 64
INT                  : 
NUEVA_LINEA          : 
NUMERO_DECIMAL       : 11 37
NUMERO_ENTERO        : 10 36
OPERADOR             : 17 18 19 20 21 22 23 24 35 46 47 61 62 68 69
PALABRA_CLAVE_ALTER  : 
PALABRA_CLAVE_AND    : 
PALABRA_CLAVE_AS     : 
PALABRA_CLAVE_ASC    : 
PALABRA_CLAVE_AVG    : 29 39 54
PALABRA_CLAVE_BETWEEN : 
PALABRA_CLAVE_COUNT  : 32 42 57
PALABRA_CLAVE_CREATE : 
PALABRA_CLAVE_DATABASE : 
PALABRA_CLAVE_DELETE : 
PALABRA_CLAVE_DESC   : 
PALABRA_CLAVE_DROP   : 
PALABRA_CLAVE_EXISTS : 
PALABRA_CLAVE_FOREIGN : 
PALABRA_CLAVE_FROM   : 3 4 5 6 7
PALABRA_CLAVE_FULL   : 
PALABRA_CLAVE_GROUP_BY : 6 7
PALABRA_CLAVE_HAVING : 
PALABRA_CLAVE_IN     : 
PALABRA_CLAVE_INNER  : 
PALABRA_CLAVE_INSERT : 
PALABRA_CLAVE_INTO   : 
PALABRA_CLAVE_JOIN   : 
PALABRA_CLAVE_KEY    : 
PALABRA_CLAVE_LEFT   : 
PALABRA_CLAVE_LIKE   : 
PALABRA_CLAVE_LIMIT  : 
PALABRA_CLAVE_MAX    : 30 40 55
PALABRA_CLAVE_MIN    : 31 41 56
PALABRA_CLAVE_NOT    : 
PALABRA_CLAVE_NULL   : 
PALABRA_CLAVE_ON     : 
PALABRA_CLAVE_PRIMARY : 
PALABRA_CLAVE_RIGHT  : 
PALABRA_CLAVE_SELECT : 1 2 3 4 5 6 7
PALABRA_CLAVE_SET    : 
PALABRA_CLAVE_SUM    : 33 43 58
PALABRA_CLAVE_TABLE  : 
PALABRA_CLAVE_TRUNCATE : 
PALABRA_CLAVE_UNION  : 
PALABRA_CLAVE_UPDATE : 
PALABRA_CLAVE_USE    : 
PALABRA_CLAVE_VALUES : 
PALABRA_CLAVE_WHERE  : 3 7
PAR_DER              : 29 30 31 32 33 39 40 41 42 43 54 55 56 57 58
PAR_IZQ              : 29 30 31 32 33 39 40 41 42 43 54 55 56 57 58
TEXT                 : 
TIMESTAMP            : 
TINYINT              : 
TIPO_DATO            : 
VARCHAR              : 
error                : 

Nonterminals, with rules where they appear

Funcion_agregada     : 38 50 53
Funcion_agregada_final : 
Funcion_agregada_individual : 28
INFO                 : 25 27
Inicio_consultas     : 0
colum_indiv          : 73 75
columnas             : 8 15 16 21 22 23 24
condicion_where      : 63
datos_groupby        : 6 7
datos_where          : 64 65 68 69
expresion            : 39 40 41 42 43 46 47
expresion_final      : 54 55 56 57 58 61 62
expresion_individual : 29 30 31 32 33 35
from_individual      : 3 4 5 6 7
select_finales_funciones : 6 7 48 49 50
select_individual    : 1
select_individual_funciones : 2
select_intermedio    : 3 5
select_intermedio_funciones : 4
tabla                : 70 72
valores              : 14 16 18 19 19 20 22 23 23 24 49 52 67 68 74 75
valores_funciones    : 34 35 45 47 60 62
where                : 3 7

Parsing method: LALR

state 0

    (0) S' -> . Inicio_consultas
    (1) Inicio_consultas -> . PALABRA_CLAVE_SELECT select_individual
    (2) Inicio_consultas -> . PALABRA_CLAVE_SELECT select_individual_funciones
    (3) Inicio_consultas -> . PALABRA_CLAVE_SELECT select_intermedio PALABRA_CLAVE_FROM from_individual PALABRA_CLAVE_WHERE where
    (4) Inicio_consultas -> . PALABRA_CLAVE_SELECT select_intermedio_funciones PALABRA_CLAVE_FROM from_individual
    (5) Inicio_consultas -> . PALABRA_CLAVE_SELECT select_intermedio PALABRA_CLAVE_FROM from_individual
    (6) Inicio_consultas -> . PALABRA_CLAVE_SELECT select_finales_funciones PALABRA_CLAVE_FROM from_individual PALABRA_CLAVE_GROUP_BY datos_groupby
    (7) Inicio_consultas -> . PALABRA_CLAVE_SELECT select_finales_funciones PALABRA_CLAVE_FROM from_individual PALABRA_CLAVE_WHERE where PALABRA_CLAVE_GROUP_BY datos_groupby

    PALABRA_CLAVE_SELECT shift and go to state 2

    Inicio_consultas               shift and go to state 1

state 1

    (0) S' -> Inicio_consultas .



state 2

    (1) Inicio_consultas -> PALABRA_CLAVE_SELECT . select_individual
    (2) Inicio_consultas -> PALABRA_CLAVE_SELECT . select_individual_funciones
    (3) Inicio_consultas -> PALABRA_CLAVE_SELECT . select_intermedio PALABRA_CLAVE_FROM from_individual PALABRA_CLAVE_WHERE where
    (4) Inicio_consultas -> PALABRA_CLAVE_SELECT . select_intermedio_funciones PALABRA_CLAVE_FROM from_individual
    (5) Inicio_consultas -> PALABRA_CLAVE_SELECT . select_intermedio PALABRA_CLAVE_FROM from_individual
    (6) Inicio_consultas -> PALABRA_CLAVE_SELECT . select_finales_funciones PALABRA_CLAVE_FROM from_individual PALABRA_CLAVE_GROUP_BY datos_groupby
    (7) Inicio_consultas -> PALABRA_CLAVE_SELECT . select_finales_funciones PALABRA_CLAVE_FROM from_individual PALABRA_CLAVE_WHERE where PALABRA_CLAVE_GROUP_BY datos_groupby
    (73) select_individual -> . colum_indiv
    (28) select_individual_funciones -> . Funcion_agregada_individual
    (8) select_intermedio -> . columnas
    (38) select_intermedio_funciones -> . Funcion_agregada
    (48) select_finales_funciones -> . ID COMA select_finales_funciones
    (49) select_finales_funciones -> . valores COMA select_finales_funciones
    (50) select_finales_funciones -> . Funcion_agregada COMA select_finales_funciones
    (51) select_finales_funciones -> . ID
    (52) select_finales_funciones -> . valores
    (53) select_finales_funciones -> . Funcion_agregada
    (74) colum_indiv -> . valores
    (75) colum_indiv -> . valores COMA colum_indiv
    (29) Funcion_agregada_individual -> . PALABRA_CLAVE_AVG PAR_IZQ expresion_individual PAR_DER
    (30) Funcion_agregada_individual -> . PALABRA_CLAVE_MAX PAR_IZQ expresion_individual PAR_DER
    (31) Funcion_agregada_individual -> . PALABRA_CLAVE_MIN PAR_IZQ expresion_individual PAR_DER
    (32) Funcion_agregada_individual -> . PALABRA_CLAVE_COUNT PAR_IZQ expresion_individual PAR_DER
    (33) Funcion_agregada_individual -> . PALABRA_CLAVE_SUM PAR_IZQ expresion_individual PAR_DER
    (13) columnas -> . ID
    (14) columnas -> . valores
    (15) columnas -> . ID COMA columnas
    (16) columnas -> . valores COMA columnas
    (17) columnas -> . ID OPERADOR ID
    (18) columnas -> . ID OPERADOR valores
    (19) columnas -> . valores OPERADOR valores
    (20) columnas -> . valores OPERADOR ID
    (21) columnas -> . ID OPERADOR ID COMA columnas
    (22) columnas -> . ID OPERADOR valores COMA columnas
    (23) columnas -> . valores OPERADOR valores COMA columnas
    (24) columnas -> . valores OPERADOR ID COMA columnas
    (39) Funcion_agregada -> . PALABRA_CLAVE_AVG PAR_IZQ expresion PAR_DER
    (40) Funcion_agregada -> . PALABRA_CLAVE_MAX PAR_IZQ expresion PAR_DER
    (41) Funcion_agregada -> . PALABRA_CLAVE_MIN PAR_IZQ expresion PAR_DER
    (42) Funcion_agregada -> . PALABRA_CLAVE_COUNT PAR_IZQ expresion PAR_DER
    (43) Funcion_agregada -> . PALABRA_CLAVE_SUM PAR_IZQ expresion PAR_DER
    (9) valores -> . DATE
    (10) valores -> . NUMERO_ENTERO
    (11) valores -> . NUMERO_DECIMAL
    (12) valores -> . CADENA

    ID              shift and go to state 12
    PALABRA_CLAVE_AVG shift and go to state 14
    PALABRA_CLAVE_MAX shift and go to state 15
    PALABRA_CLAVE_MIN shift and go to state 16
    PALABRA_CLAVE_COUNT shift and go to state 17
    PALABRA_CLAVE_SUM shift and go to state 18
    DATE            shift and go to state 19
    NUMERO_ENTERO   shift and go to state 20
    NUMERO_DECIMAL  shift and go to state 21
    CADENA          shift and go to state 22

    select_individual              shift and go to state 3
    select_individual_funciones    shift and go to state 4
    select_intermedio              shift and go to state 5
    select_intermedio_funciones    shift and go to state 6
    select_finales_funciones       shift and go to state 7
    colum_indiv                    shift and go to state 8
    Funcion_agregada_individual    shift and go to state 9
    columnas                       shift and go to state 10
    Funcion_agregada               shift and go to state 11
    valores                        shift and go to state 13

state 3

    (1) Inicio_consultas -> PALABRA_CLAVE_SELECT select_individual .

    $end            reduce using rule 1 (Inicio_consultas -> PALABRA_CLAVE_SELECT select_individual .)


state 4

    (2) Inicio_consultas -> PALABRA_CLAVE_SELECT select_individual_funciones .

    $end            reduce using rule 2 (Inicio_consultas -> PALABRA_CLAVE_SELECT select_individual_funciones .)


state 5

    (3) Inicio_consultas -> PALABRA_CLAVE_SELECT select_intermedio . PALABRA_CLAVE_FROM from_individual PALABRA_CLAVE_WHERE where
    (5) Inicio_consultas -> PALABRA_CLAVE_SELECT select_intermedio . PALABRA_CLAVE_FROM from_individual

    PALABRA_CLAVE_FROM shift and go to state 23


state 6

    (4) Inicio_consultas -> PALABRA_CLAVE_SELECT select_intermedio_funciones . PALABRA_CLAVE_FROM from_individual

    PALABRA_CLAVE_FROM shift and go to state 24


state 7

    (6) Inicio_consultas -> PALABRA_CLAVE_SELECT select_finales_funciones . PALABRA_CLAVE_FROM from_individual PALABRA_CLAVE_GROUP_BY datos_groupby
    (7) Inicio_consultas -> PALABRA_CLAVE_SELECT select_finales_funciones . PALABRA_CLAVE_FROM from_individual PALABRA_CLAVE_WHERE where PALABRA_CLAVE_GROUP_BY datos_groupby

    PALABRA_CLAVE_FROM shift and go to state 25


state 8

    (73) select_individual -> colum_indiv .

    $end            reduce using rule 73 (select_individual -> colum_indiv .)


state 9

    (28) select_individual_funciones -> Funcion_agregada_individual .

    $end            reduce using rule 28 (select_individual_funciones -> Funcion_agregada_individual .)


state 10

    (8) select_intermedio -> columnas .

    PALABRA_CLAVE_FROM reduce using rule 8 (select_intermedio -> columnas .)


state 11

    (38) select_intermedio_funciones -> Funcion_agregada .
    (50) select_finales_funciones -> Funcion_agregada . COMA select_finales_funciones
    (53) select_finales_funciones -> Funcion_agregada .

  ! reduce/reduce conflict for PALABRA_CLAVE_FROM resolved using rule 38 (select_intermedio_funciones -> Funcion_agregada .)
    PALABRA_CLAVE_FROM reduce using rule 38 (select_intermedio_funciones -> Funcion_agregada .)
    COMA            shift and go to state 26

  ! PALABRA_CLAVE_FROM [ reduce using rule 53 (select_finales_funciones -> Funcion_agregada .) ]


state 12

    (48) select_finales_funciones -> ID . COMA select_finales_funciones
    (51) select_finales_funciones -> ID .
    (13) columnas -> ID .
    (15) columnas -> ID . COMA columnas
    (17) columnas -> ID . OPERADOR ID
    (18) columnas -> ID . OPERADOR valores
    (21) columnas -> ID . OPERADOR ID COMA columnas
    (22) columnas -> ID . OPERADOR valores COMA columnas

  ! reduce/reduce conflict for PALABRA_CLAVE_FROM resolved using rule 13 (columnas -> ID .)
    COMA            shift and go to state 27
    PALABRA_CLAVE_FROM reduce using rule 13 (columnas -> ID .)
    OPERADOR        shift and go to state 28

  ! PALABRA_CLAVE_FROM [ reduce using rule 51 (select_finales_funciones -> ID .) ]


state 13

    (49) select_finales_funciones -> valores . COMA select_finales_funciones
    (52) select_finales_funciones -> valores .
    (74) colum_indiv -> valores .
    (75) colum_indiv -> valores . COMA colum_indiv
    (14) columnas -> valores .
    (16) columnas -> valores . COMA columnas
    (19) columnas -> valores . OPERADOR valores
    (20) columnas -> valores . OPERADOR ID
    (23) columnas -> valores . OPERADOR valores COMA columnas
    (24) columnas -> valores . OPERADOR ID COMA columnas

  ! reduce/reduce conflict for PALABRA_CLAVE_FROM resolved using rule 14 (columnas -> valores .)
    COMA            shift and go to state 29
    $end            reduce using rule 74 (colum_indiv -> valores .)
    PALABRA_CLAVE_FROM reduce using rule 14 (columnas -> valores .)
    OPERADOR        shift and go to state 30

  ! PALABRA_CLAVE_FROM [ reduce using rule 52 (select_finales_funciones -> valores .) ]


state 14

    (29) Funcion_agregada_individual -> PALABRA_CLAVE_AVG . PAR_IZQ expresion_individual PAR_DER
    (39) Funcion_agregada -> PALABRA_CLAVE_AVG . PAR_IZQ expresion PAR_DER

    PAR_IZQ         shift and go to state 31


state 15

    (30) Funcion_agregada_individual -> PALABRA_CLAVE_MAX . PAR_IZQ expresion_individual PAR_DER
    (40) Funcion_agregada -> PALABRA_CLAVE_MAX . PAR_IZQ expresion PAR_DER

    PAR_IZQ         shift and go to state 32


state 16

    (31) Funcion_agregada_individual -> PALABRA_CLAVE_MIN . PAR_IZQ expresion_individual PAR_DER
    (41) Funcion_agregada -> PALABRA_CLAVE_MIN . PAR_IZQ expresion PAR_DER

    PAR_IZQ         shift and go to state 33


state 17

    (32) Funcion_agregada_individual -> PALABRA_CLAVE_COUNT . PAR_IZQ expresion_individual PAR_DER
    (42) Funcion_agregada -> PALABRA_CLAVE_COUNT . PAR_IZQ expresion PAR_DER

    PAR_IZQ         shift and go to state 34


state 18

    (33) Funcion_agregada_individual -> PALABRA_CLAVE_SUM . PAR_IZQ expresion_individual PAR_DER
    (43) Funcion_agregada -> PALABRA_CLAVE_SUM . PAR_IZQ expresion PAR_DER

    PAR_IZQ         shift and go to state 35


state 19

    (9) valores -> DATE .

    COMA            reduce using rule 9 (valores -> DATE .)
    OPERADOR        reduce using rule 9 (valores -> DATE .)
    PALABRA_CLAVE_FROM reduce using rule 9 (valores -> DATE .)
    $end            reduce using rule 9 (valores -> DATE .)
    PALABRA_CLAVE_GROUP_BY reduce using rule 9 (valores -> DATE .)


state 20

    (10) valores -> NUMERO_ENTERO .

    COMA            reduce using rule 10 (valores -> NUMERO_ENTERO .)
    OPERADOR        reduce using rule 10 (valores -> NUMERO_ENTERO .)
    PALABRA_CLAVE_FROM reduce using rule 10 (valores -> NUMERO_ENTERO .)
    $end            reduce using rule 10 (valores -> NUMERO_ENTERO .)
    PALABRA_CLAVE_GROUP_BY reduce using rule 10 (valores -> NUMERO_ENTERO .)


state 21

    (11) valores -> NUMERO_DECIMAL .

    COMA            reduce using rule 11 (valores -> NUMERO_DECIMAL .)
    OPERADOR        reduce using rule 11 (valores -> NUMERO_DECIMAL .)
    PALABRA_CLAVE_FROM reduce using rule 11 (valores -> NUMERO_DECIMAL .)
    $end            reduce using rule 11 (valores -> NUMERO_DECIMAL .)
    PALABRA_CLAVE_GROUP_BY reduce using rule 11 (valores -> NUMERO_DECIMAL .)


state 22

    (12) valores -> CADENA .

    COMA            reduce using rule 12 (valores -> CADENA .)
    OPERADOR        reduce using rule 12 (valores -> CADENA .)
    PALABRA_CLAVE_FROM reduce using rule 12 (valores -> CADENA .)
    $end            reduce using rule 12 (valores -> CADENA .)
    PALABRA_CLAVE_GROUP_BY reduce using rule 12 (valores -> CADENA .)


state 23

    (3) Inicio_consultas -> PALABRA_CLAVE_SELECT select_intermedio PALABRA_CLAVE_FROM . from_individual PALABRA_CLAVE_WHERE where
    (5) Inicio_consultas -> PALABRA_CLAVE_SELECT select_intermedio PALABRA_CLAVE_FROM . from_individual
    (70) from_individual -> . tabla
    (71) tabla -> . ID
    (72) tabla -> . ID COMA tabla

    ID              shift and go to state 38

    from_individual                shift and go to state 36
    tabla                          shift and go to state 37

state 24

    (4) Inicio_consultas -> PALABRA_CLAVE_SELECT select_intermedio_funciones PALABRA_CLAVE_FROM . from_individual
    (70) from_individual -> . tabla
    (71) tabla -> . ID
    (72) tabla -> . ID COMA tabla

    ID              shift and go to state 38

    from_individual                shift and go to state 39
    tabla                          shift and go to state 37

state 25

    (6) Inicio_consultas -> PALABRA_CLAVE_SELECT select_finales_funciones PALABRA_CLAVE_FROM . from_individual PALABRA_CLAVE_GROUP_BY datos_groupby
    (7) Inicio_consultas -> PALABRA_CLAVE_SELECT select_finales_funciones PALABRA_CLAVE_FROM . from_individual PALABRA_CLAVE_WHERE where PALABRA_CLAVE_GROUP_BY datos_groupby
    (70) from_individual -> . tabla
    (71) tabla -> . ID
    (72) tabla -> . ID COMA tabla

    ID              shift and go to state 38

    from_individual                shift and go to state 40
    tabla                          shift and go to state 37

state 26

    (50) select_finales_funciones -> Funcion_agregada COMA . select_finales_funciones
    (48) select_finales_funciones -> . ID COMA select_finales_funciones
    (49) select_finales_funciones -> . valores COMA select_finales_funciones
    (50) select_finales_funciones -> . Funcion_agregada COMA select_finales_funciones
    (51) select_finales_funciones -> . ID
    (52) select_finales_funciones -> . valores
    (53) select_finales_funciones -> . Funcion_agregada
    (9) valores -> . DATE
    (10) valores -> . NUMERO_ENTERO
    (11) valores -> . NUMERO_DECIMAL
    (12) valores -> . CADENA
    (39) Funcion_agregada -> . PALABRA_CLAVE_AVG PAR_IZQ expresion PAR_DER
    (40) Funcion_agregada -> . PALABRA_CLAVE_MAX PAR_IZQ expresion PAR_DER
    (41) Funcion_agregada -> . PALABRA_CLAVE_MIN PAR_IZQ expresion PAR_DER
    (42) Funcion_agregada -> . PALABRA_CLAVE_COUNT PAR_IZQ expresion PAR_DER
    (43) Funcion_agregada -> . PALABRA_CLAVE_SUM PAR_IZQ expresion PAR_DER

    ID              shift and go to state 43
    DATE            shift and go to state 19
    NUMERO_ENTERO   shift and go to state 20
    NUMERO_DECIMAL  shift and go to state 21
    CADENA          shift and go to state 22
    PALABRA_CLAVE_AVG shift and go to state 45
    PALABRA_CLAVE_MAX shift and go to state 46
    PALABRA_CLAVE_MIN shift and go to state 47
    PALABRA_CLAVE_COUNT shift and go to state 48
    PALABRA_CLAVE_SUM shift and go to state 49

    Funcion_agregada               shift and go to state 41
    select_finales_funciones       shift and go to state 42
    valores                        shift and go to state 44

state 27

    (48) select_finales_funciones -> ID COMA . select_finales_funciones
    (15) columnas -> ID COMA . columnas
    (48) select_finales_funciones -> . ID COMA select_finales_funciones
    (49) select_finales_funciones -> . valores COMA select_finales_funciones
    (50) select_finales_funciones -> . Funcion_agregada COMA select_finales_funciones
    (51) select_finales_funciones -> . ID
    (52) select_finales_funciones -> . valores
    (53) select_finales_funciones -> . Funcion_agregada
    (13) columnas -> . ID
    (14) columnas -> . valores
    (15) columnas -> . ID COMA columnas
    (16) columnas -> . valores COMA columnas
    (17) columnas -> . ID OPERADOR ID
    (18) columnas -> . ID OPERADOR valores
    (19) columnas -> . valores OPERADOR valores
    (20) columnas -> . valores OPERADOR ID
    (21) columnas -> . ID OPERADOR ID COMA columnas
    (22) columnas -> . ID OPERADOR valores COMA columnas
    (23) columnas -> . valores OPERADOR valores COMA columnas
    (24) columnas -> . valores OPERADOR ID COMA columnas
    (9) valores -> . DATE
    (10) valores -> . NUMERO_ENTERO
    (11) valores -> . NUMERO_DECIMAL
    (12) valores -> . CADENA
    (39) Funcion_agregada -> . PALABRA_CLAVE_AVG PAR_IZQ expresion PAR_DER
    (40) Funcion_agregada -> . PALABRA_CLAVE_MAX PAR_IZQ expresion PAR_DER
    (41) Funcion_agregada -> . PALABRA_CLAVE_MIN PAR_IZQ expresion PAR_DER
    (42) Funcion_agregada -> . PALABRA_CLAVE_COUNT PAR_IZQ expresion PAR_DER
    (43) Funcion_agregada -> . PALABRA_CLAVE_SUM PAR_IZQ expresion PAR_DER

    ID              shift and go to state 12
    DATE            shift and go to state 19
    NUMERO_ENTERO   shift and go to state 20
    NUMERO_DECIMAL  shift and go to state 21
    CADENA          shift and go to state 22
    PALABRA_CLAVE_AVG shift and go to state 45
    PALABRA_CLAVE_MAX shift and go to state 46
    PALABRA_CLAVE_MIN shift and go to state 47
    PALABRA_CLAVE_COUNT shift and go to state 48
    PALABRA_CLAVE_SUM shift and go to state 49

    select_finales_funciones       shift and go to state 50
    columnas                       shift and go to state 51
    valores                        shift and go to state 52
    Funcion_agregada               shift and go to state 41

state 28

    (17) columnas -> ID OPERADOR . ID
    (18) columnas -> ID OPERADOR . valores
    (21) columnas -> ID OPERADOR . ID COMA columnas
    (22) columnas -> ID OPERADOR . valores COMA columnas
    (9) valores -> . DATE
    (10) valores -> . NUMERO_ENTERO
    (11) valores -> . NUMERO_DECIMAL
    (12) valores -> . CADENA

    ID              shift and go to state 53
    DATE            shift and go to state 19
    NUMERO_ENTERO   shift and go to state 20
    NUMERO_DECIMAL  shift and go to state 21
    CADENA          shift and go to state 22

    valores                        shift and go to state 54

state 29

    (49) select_finales_funciones -> valores COMA . select_finales_funciones
    (75) colum_indiv -> valores COMA . colum_indiv
    (16) columnas -> valores COMA . columnas
    (48) select_finales_funciones -> . ID COMA select_finales_funciones
    (49) select_finales_funciones -> . valores COMA select_finales_funciones
    (50) select_finales_funciones -> . Funcion_agregada COMA select_finales_funciones
    (51) select_finales_funciones -> . ID
    (52) select_finales_funciones -> . valores
    (53) select_finales_funciones -> . Funcion_agregada
    (74) colum_indiv -> . valores
    (75) colum_indiv -> . valores COMA colum_indiv
    (13) columnas -> . ID
    (14) columnas -> . valores
    (15) columnas -> . ID COMA columnas
    (16) columnas -> . valores COMA columnas
    (17) columnas -> . ID OPERADOR ID
    (18) columnas -> . ID OPERADOR valores
    (19) columnas -> . valores OPERADOR valores
    (20) columnas -> . valores OPERADOR ID
    (21) columnas -> . ID OPERADOR ID COMA columnas
    (22) columnas -> . ID OPERADOR valores COMA columnas
    (23) columnas -> . valores OPERADOR valores COMA columnas
    (24) columnas -> . valores OPERADOR ID COMA columnas
    (9) valores -> . DATE
    (10) valores -> . NUMERO_ENTERO
    (11) valores -> . NUMERO_DECIMAL
    (12) valores -> . CADENA
    (39) Funcion_agregada -> . PALABRA_CLAVE_AVG PAR_IZQ expresion PAR_DER
    (40) Funcion_agregada -> . PALABRA_CLAVE_MAX PAR_IZQ expresion PAR_DER
    (41) Funcion_agregada -> . PALABRA_CLAVE_MIN PAR_IZQ expresion PAR_DER
    (42) Funcion_agregada -> . PALABRA_CLAVE_COUNT PAR_IZQ expresion PAR_DER
    (43) Funcion_agregada -> . PALABRA_CLAVE_SUM PAR_IZQ expresion PAR_DER

    ID              shift and go to state 12
    DATE            shift and go to state 19
    NUMERO_ENTERO   shift and go to state 20
    NUMERO_DECIMAL  shift and go to state 21
    CADENA          shift and go to state 22
    PALABRA_CLAVE_AVG shift and go to state 45
    PALABRA_CLAVE_MAX shift and go to state 46
    PALABRA_CLAVE_MIN shift and go to state 47
    PALABRA_CLAVE_COUNT shift and go to state 48
    PALABRA_CLAVE_SUM shift and go to state 49

    valores                        shift and go to state 13
    select_finales_funciones       shift and go to state 55
    colum_indiv                    shift and go to state 56
    columnas                       shift and go to state 57
    Funcion_agregada               shift and go to state 41

state 30

    (19) columnas -> valores OPERADOR . valores
    (20) columnas -> valores OPERADOR . ID
    (23) columnas -> valores OPERADOR . valores COMA columnas
    (24) columnas -> valores OPERADOR . ID COMA columnas
    (9) valores -> . DATE
    (10) valores -> . NUMERO_ENTERO
    (11) valores -> . NUMERO_DECIMAL
    (12) valores -> . CADENA

    ID              shift and go to state 59
    DATE            shift and go to state 19
    NUMERO_ENTERO   shift and go to state 20
    NUMERO_DECIMAL  shift and go to state 21
    CADENA          shift and go to state 22

    valores                        shift and go to state 58

state 31

    (29) Funcion_agregada_individual -> PALABRA_CLAVE_AVG PAR_IZQ . expresion_individual PAR_DER
    (39) Funcion_agregada -> PALABRA_CLAVE_AVG PAR_IZQ . expresion PAR_DER
    (34) expresion_individual -> . valores_funciones
    (35) expresion_individual -> . valores_funciones OPERADOR expresion_individual
    (44) expresion -> . ID
    (45) expresion -> . valores_funciones
    (46) expresion -> . ID OPERADOR expresion
    (47) expresion -> . valores_funciones OPERADOR expresion
    (36) valores_funciones -> . NUMERO_ENTERO
    (37) valores_funciones -> . NUMERO_DECIMAL

    ID              shift and go to state 63
    NUMERO_ENTERO   shift and go to state 64
    NUMERO_DECIMAL  shift and go to state 65

    expresion_individual           shift and go to state 60
    expresion                      shift and go to state 61
    valores_funciones              shift and go to state 62

state 32

    (30) Funcion_agregada_individual -> PALABRA_CLAVE_MAX PAR_IZQ . expresion_individual PAR_DER
    (40) Funcion_agregada -> PALABRA_CLAVE_MAX PAR_IZQ . expresion PAR_DER
    (34) expresion_individual -> . valores_funciones
    (35) expresion_individual -> . valores_funciones OPERADOR expresion_individual
    (44) expresion -> . ID
    (45) expresion -> . valores_funciones
    (46) expresion -> . ID OPERADOR expresion
    (47) expresion -> . valores_funciones OPERADOR expresion
    (36) valores_funciones -> . NUMERO_ENTERO
    (37) valores_funciones -> . NUMERO_DECIMAL

    ID              shift and go to state 63
    NUMERO_ENTERO   shift and go to state 64
    NUMERO_DECIMAL  shift and go to state 65

    expresion_individual           shift and go to state 66
    expresion                      shift and go to state 67
    valores_funciones              shift and go to state 62

state 33

    (31) Funcion_agregada_individual -> PALABRA_CLAVE_MIN PAR_IZQ . expresion_individual PAR_DER
    (41) Funcion_agregada -> PALABRA_CLAVE_MIN PAR_IZQ . expresion PAR_DER
    (34) expresion_individual -> . valores_funciones
    (35) expresion_individual -> . valores_funciones OPERADOR expresion_individual
    (44) expresion -> . ID
    (45) expresion -> . valores_funciones
    (46) expresion -> . ID OPERADOR expresion
    (47) expresion -> . valores_funciones OPERADOR expresion
    (36) valores_funciones -> . NUMERO_ENTERO
    (37) valores_funciones -> . NUMERO_DECIMAL

    ID              shift and go to state 63
    NUMERO_ENTERO   shift and go to state 64
    NUMERO_DECIMAL  shift and go to state 65

    expresion_individual           shift and go to state 68
    expresion                      shift and go to state 69
    valores_funciones              shift and go to state 62

state 34

    (32) Funcion_agregada_individual -> PALABRA_CLAVE_COUNT PAR_IZQ . expresion_individual PAR_DER
    (42) Funcion_agregada -> PALABRA_CLAVE_COUNT PAR_IZQ . expresion PAR_DER
    (34) expresion_individual -> . valores_funciones
    (35) expresion_individual -> . valores_funciones OPERADOR expresion_individual
    (44) expresion -> . ID
    (45) expresion -> . valores_funciones
    (46) expresion -> . ID OPERADOR expresion
    (47) expresion -> . valores_funciones OPERADOR expresion
    (36) valores_funciones -> . NUMERO_ENTERO
    (37) valores_funciones -> . NUMERO_DECIMAL

    ID              shift and go to state 63
    NUMERO_ENTERO   shift and go to state 64
    NUMERO_DECIMAL  shift and go to state 65

    expresion_individual           shift and go to state 70
    expresion                      shift and go to state 71
    valores_funciones              shift and go to state 62

state 35

    (33) Funcion_agregada_individual -> PALABRA_CLAVE_SUM PAR_IZQ . expresion_individual PAR_DER
    (43) Funcion_agregada -> PALABRA_CLAVE_SUM PAR_IZQ . expresion PAR_DER
    (34) expresion_individual -> . valores_funciones
    (35) expresion_individual -> . valores_funciones OPERADOR expresion_individual
    (44) expresion -> . ID
    (45) expresion -> . valores_funciones
    (46) expresion -> . ID OPERADOR expresion
    (47) expresion -> . valores_funciones OPERADOR expresion
    (36) valores_funciones -> . NUMERO_ENTERO
    (37) valores_funciones -> . NUMERO_DECIMAL

    ID              shift and go to state 63
    NUMERO_ENTERO   shift and go to state 64
    NUMERO_DECIMAL  shift and go to state 65

    expresion_individual           shift and go to state 72
    expresion                      shift and go to state 73
    valores_funciones              shift and go to state 62

state 36

    (3) Inicio_consultas -> PALABRA_CLAVE_SELECT select_intermedio PALABRA_CLAVE_FROM from_individual . PALABRA_CLAVE_WHERE where
    (5) Inicio_consultas -> PALABRA_CLAVE_SELECT select_intermedio PALABRA_CLAVE_FROM from_individual .

    PALABRA_CLAVE_WHERE shift and go to state 74
    $end            reduce using rule 5 (Inicio_consultas -> PALABRA_CLAVE_SELECT select_intermedio PALABRA_CLAVE_FROM from_individual .)


state 37

    (70) from_individual -> tabla .

    PALABRA_CLAVE_WHERE reduce using rule 70 (from_individual -> tabla .)
    $end            reduce using rule 70 (from_individual -> tabla .)
    PALABRA_CLAVE_GROUP_BY reduce using rule 70 (from_individual -> tabla .)


state 38

    (71) tabla -> ID .
    (72) tabla -> ID . COMA tabla

    PALABRA_CLAVE_WHERE reduce using rule 71 (tabla -> ID .)
    $end            reduce using rule 71 (tabla -> ID .)
    PALABRA_CLAVE_GROUP_BY reduce using rule 71 (tabla -> ID .)
    COMA            shift and go to state 75


state 39

    (4) Inicio_consultas -> PALABRA_CLAVE_SELECT select_intermedio_funciones PALABRA_CLAVE_FROM from_individual .

    $end            reduce using rule 4 (Inicio_consultas -> PALABRA_CLAVE_SELECT select_intermedio_funciones PALABRA_CLAVE_FROM from_individual .)


state 40

    (6) Inicio_consultas -> PALABRA_CLAVE_SELECT select_finales_funciones PALABRA_CLAVE_FROM from_individual . PALABRA_CLAVE_GROUP_BY datos_groupby
    (7) Inicio_consultas -> PALABRA_CLAVE_SELECT select_finales_funciones PALABRA_CLAVE_FROM from_individual . PALABRA_CLAVE_WHERE where PALABRA_CLAVE_GROUP_BY datos_groupby

    PALABRA_CLAVE_GROUP_BY shift and go to state 76
    PALABRA_CLAVE_WHERE shift and go to state 77


state 41

    (50) select_finales_funciones -> Funcion_agregada . COMA select_finales_funciones
    (53) select_finales_funciones -> Funcion_agregada .

    COMA            shift and go to state 26
    PALABRA_CLAVE_FROM reduce using rule 53 (select_finales_funciones -> Funcion_agregada .)


state 42

    (50) select_finales_funciones -> Funcion_agregada COMA select_finales_funciones .

    PALABRA_CLAVE_FROM reduce using rule 50 (select_finales_funciones -> Funcion_agregada COMA select_finales_funciones .)


state 43

    (48) select_finales_funciones -> ID . COMA select_finales_funciones
    (51) select_finales_funciones -> ID .

    COMA            shift and go to state 78
    PALABRA_CLAVE_FROM reduce using rule 51 (select_finales_funciones -> ID .)


state 44

    (49) select_finales_funciones -> valores . COMA select_finales_funciones
    (52) select_finales_funciones -> valores .

    COMA            shift and go to state 79
    PALABRA_CLAVE_FROM reduce using rule 52 (select_finales_funciones -> valores .)


state 45

    (39) Funcion_agregada -> PALABRA_CLAVE_AVG . PAR_IZQ expresion PAR_DER

    PAR_IZQ         shift and go to state 80


state 46

    (40) Funcion_agregada -> PALABRA_CLAVE_MAX . PAR_IZQ expresion PAR_DER

    PAR_IZQ         shift and go to state 81


state 47

    (41) Funcion_agregada -> PALABRA_CLAVE_MIN . PAR_IZQ expresion PAR_DER

    PAR_IZQ         shift and go to state 82


state 48

    (42) Funcion_agregada -> PALABRA_CLAVE_COUNT . PAR_IZQ expresion PAR_DER

    PAR_IZQ         shift and go to state 83


state 49

    (43) Funcion_agregada -> PALABRA_CLAVE_SUM . PAR_IZQ expresion PAR_DER

    PAR_IZQ         shift and go to state 84


state 50

    (48) select_finales_funciones -> ID COMA select_finales_funciones .

    PALABRA_CLAVE_FROM reduce using rule 48 (select_finales_funciones -> ID COMA select_finales_funciones .)


state 51

    (15) columnas -> ID COMA columnas .

    PALABRA_CLAVE_FROM reduce using rule 15 (columnas -> ID COMA columnas .)


state 52

    (49) select_finales_funciones -> valores . COMA select_finales_funciones
    (52) select_finales_funciones -> valores .
    (14) columnas -> valores .
    (16) columnas -> valores . COMA columnas
    (19) columnas -> valores . OPERADOR valores
    (20) columnas -> valores . OPERADOR ID
    (23) columnas -> valores . OPERADOR valores COMA columnas
    (24) columnas -> valores . OPERADOR ID COMA columnas

  ! reduce/reduce conflict for PALABRA_CLAVE_FROM resolved using rule 14 (columnas -> valores .)
    COMA            shift and go to state 85
    PALABRA_CLAVE_FROM reduce using rule 14 (columnas -> valores .)
    OPERADOR        shift and go to state 30

  ! PALABRA_CLAVE_FROM [ reduce using rule 52 (select_finales_funciones -> valores .) ]


state 53

    (17) columnas -> ID OPERADOR ID .
    (21) columnas -> ID OPERADOR ID . COMA columnas

    PALABRA_CLAVE_FROM reduce using rule 17 (columnas -> ID OPERADOR ID .)
    COMA            shift and go to state 86


state 54

    (18) columnas -> ID OPERADOR valores .
    (22) columnas -> ID OPERADOR valores . COMA columnas

    PALABRA_CLAVE_FROM reduce using rule 18 (columnas -> ID OPERADOR valores .)
    COMA            shift and go to state 87


state 55

    (49) select_finales_funciones -> valores COMA select_finales_funciones .

    PALABRA_CLAVE_FROM reduce using rule 49 (select_finales_funciones -> valores COMA select_finales_funciones .)


state 56

    (75) colum_indiv -> valores COMA colum_indiv .

    $end            reduce using rule 75 (colum_indiv -> valores COMA colum_indiv .)


state 57

    (16) columnas -> valores COMA columnas .

    PALABRA_CLAVE_FROM reduce using rule 16 (columnas -> valores COMA columnas .)


state 58

    (19) columnas -> valores OPERADOR valores .
    (23) columnas -> valores OPERADOR valores . COMA columnas

    PALABRA_CLAVE_FROM reduce using rule 19 (columnas -> valores OPERADOR valores .)
    COMA            shift and go to state 88


state 59

    (20) columnas -> valores OPERADOR ID .
    (24) columnas -> valores OPERADOR ID . COMA columnas

    PALABRA_CLAVE_FROM reduce using rule 20 (columnas -> valores OPERADOR ID .)
    COMA            shift and go to state 89


state 60

    (29) Funcion_agregada_individual -> PALABRA_CLAVE_AVG PAR_IZQ expresion_individual . PAR_DER

    PAR_DER         shift and go to state 90


state 61

    (39) Funcion_agregada -> PALABRA_CLAVE_AVG PAR_IZQ expresion . PAR_DER

    PAR_DER         shift and go to state 91


state 62

    (34) expresion_individual -> valores_funciones .
    (35) expresion_individual -> valores_funciones . OPERADOR expresion_individual
    (45) expresion -> valores_funciones .
    (47) expresion -> valores_funciones . OPERADOR expresion

  ! reduce/reduce conflict for PAR_DER resolved using rule 34 (expresion_individual -> valores_funciones .)
    PAR_DER         reduce using rule 34 (expresion_individual -> valores_funciones .)
    OPERADOR        shift and go to state 92

  ! PAR_DER         [ reduce using rule 45 (expresion -> valores_funciones .) ]


state 63

    (44) expresion -> ID .
    (46) expresion -> ID . OPERADOR expresion

    PAR_DER         reduce using rule 44 (expresion -> ID .)
    OPERADOR        shift and go to state 93


state 64

    (36) valores_funciones -> NUMERO_ENTERO .

    OPERADOR        reduce using rule 36 (valores_funciones -> NUMERO_ENTERO .)
    PAR_DER         reduce using rule 36 (valores_funciones -> NUMERO_ENTERO .)


state 65

    (37) valores_funciones -> NUMERO_DECIMAL .

    OPERADOR        reduce using rule 37 (valores_funciones -> NUMERO_DECIMAL .)
    PAR_DER         reduce using rule 37 (valores_funciones -> NUMERO_DECIMAL .)


state 66

    (30) Funcion_agregada_individual -> PALABRA_CLAVE_MAX PAR_IZQ expresion_individual . PAR_DER

    PAR_DER         shift and go to state 94


state 67

    (40) Funcion_agregada -> PALABRA_CLAVE_MAX PAR_IZQ expresion . PAR_DER

    PAR_DER         shift and go to state 95


state 68

    (31) Funcion_agregada_individual -> PALABRA_CLAVE_MIN PAR_IZQ expresion_individual . PAR_DER

    PAR_DER         shift and go to state 96


state 69

    (41) Funcion_agregada -> PALABRA_CLAVE_MIN PAR_IZQ expresion . PAR_DER

    PAR_DER         shift and go to state 97


state 70

    (32) Funcion_agregada_individual -> PALABRA_CLAVE_COUNT PAR_IZQ expresion_individual . PAR_DER

    PAR_DER         shift and go to state 98


state 71

    (42) Funcion_agregada -> PALABRA_CLAVE_COUNT PAR_IZQ expresion . PAR_DER

    PAR_DER         shift and go to state 99


state 72

    (33) Funcion_agregada_individual -> PALABRA_CLAVE_SUM PAR_IZQ expresion_individual . PAR_DER

    PAR_DER         shift and go to state 100


state 73

    (43) Funcion_agregada -> PALABRA_CLAVE_SUM PAR_IZQ expresion . PAR_DER

    PAR_DER         shift and go to state 101


state 74

    (3) Inicio_consultas -> PALABRA_CLAVE_SELECT select_intermedio PALABRA_CLAVE_FROM from_individual PALABRA_CLAVE_WHERE . where
    (63) where -> . condicion_where
    (64) condicion_where -> . ID IGUAL datos_where
    (65) condicion_where -> . ID COMPARADOR datos_where

    ID              shift and go to state 104

    where                          shift and go to state 102
    condicion_where                shift and go to state 103

state 75

    (72) tabla -> ID COMA . tabla
    (71) tabla -> . ID
    (72) tabla -> . ID COMA tabla

    ID              shift and go to state 38

    tabla                          shift and go to state 105

state 76

    (6) Inicio_consultas -> PALABRA_CLAVE_SELECT select_finales_funciones PALABRA_CLAVE_FROM from_individual PALABRA_CLAVE_GROUP_BY . datos_groupby
    (25) datos_groupby -> . INFO
    (26) INFO -> . ID
    (27) INFO -> . ID COMA INFO

    ID              shift and go to state 108

    datos_groupby                  shift and go to state 106
    INFO                           shift and go to state 107

state 77

    (7) Inicio_consultas -> PALABRA_CLAVE_SELECT select_finales_funciones PALABRA_CLAVE_FROM from_individual PALABRA_CLAVE_WHERE . where PALABRA_CLAVE_GROUP_BY datos_groupby
    (63) where -> . condicion_where
    (64) condicion_where -> . ID IGUAL datos_where
    (65) condicion_where -> . ID COMPARADOR datos_where

    ID              shift and go to state 104

    where                          shift and go to state 109
    condicion_where                shift and go to state 103

state 78

    (48) select_finales_funciones -> ID COMA . select_finales_funciones
    (48) select_finales_funciones -> . ID COMA select_finales_funciones
    (49) select_finales_funciones -> . valores COMA select_finales_funciones
    (50) select_finales_funciones -> . Funcion_agregada COMA select_finales_funciones
    (51) select_finales_funciones -> . ID
    (52) select_finales_funciones -> . valores
    (53) select_finales_funciones -> . Funcion_agregada
    (9) valores -> . DATE
    (10) valores -> . NUMERO_ENTERO
    (11) valores -> . NUMERO_DECIMAL
    (12) valores -> . CADENA
    (39) Funcion_agregada -> . PALABRA_CLAVE_AVG PAR_IZQ expresion PAR_DER
    (40) Funcion_agregada -> . PALABRA_CLAVE_MAX PAR_IZQ expresion PAR_DER
    (41) Funcion_agregada -> . PALABRA_CLAVE_MIN PAR_IZQ expresion PAR_DER
    (42) Funcion_agregada -> . PALABRA_CLAVE_COUNT PAR_IZQ expresion PAR_DER
    (43) Funcion_agregada -> . PALABRA_CLAVE_SUM PAR_IZQ expresion PAR_DER

    ID              shift and go to state 43
    DATE            shift and go to state 19
    NUMERO_ENTERO   shift and go to state 20
    NUMERO_DECIMAL  shift and go to state 21
    CADENA          shift and go to state 22
    PALABRA_CLAVE_AVG shift and go to state 45
    PALABRA_CLAVE_MAX shift and go to state 46
    PALABRA_CLAVE_MIN shift and go to state 47
    PALABRA_CLAVE_COUNT shift and go to state 48
    PALABRA_CLAVE_SUM shift and go to state 49

    select_finales_funciones       shift and go to state 50
    valores                        shift and go to state 44
    Funcion_agregada               shift and go to state 41

state 79

    (49) select_finales_funciones -> valores COMA . select_finales_funciones
    (48) select_finales_funciones -> . ID COMA select_finales_funciones
    (49) select_finales_funciones -> . valores COMA select_finales_funciones
    (50) select_finales_funciones -> . Funcion_agregada COMA select_finales_funciones
    (51) select_finales_funciones -> . ID
    (52) select_finales_funciones -> . valores
    (53) select_finales_funciones -> . Funcion_agregada
    (9) valores -> . DATE
    (10) valores -> . NUMERO_ENTERO
    (11) valores -> . NUMERO_DECIMAL
    (12) valores -> . CADENA
    (39) Funcion_agregada -> . PALABRA_CLAVE_AVG PAR_IZQ expresion PAR_DER
    (40) Funcion_agregada -> . PALABRA_CLAVE_MAX PAR_IZQ expresion PAR_DER
    (41) Funcion_agregada -> . PALABRA_CLAVE_MIN PAR_IZQ expresion PAR_DER
    (42) Funcion_agregada -> . PALABRA_CLAVE_COUNT PAR_IZQ expresion PAR_DER
    (43) Funcion_agregada -> . PALABRA_CLAVE_SUM PAR_IZQ expresion PAR_DER

    ID              shift and go to state 43
    DATE            shift and go to state 19
    NUMERO_ENTERO   shift and go to state 20
    NUMERO_DECIMAL  shift and go to state 21
    CADENA          shift and go to state 22
    PALABRA_CLAVE_AVG shift and go to state 45
    PALABRA_CLAVE_MAX shift and go to state 46
    PALABRA_CLAVE_MIN shift and go to state 47
    PALABRA_CLAVE_COUNT shift and go to state 48
    PALABRA_CLAVE_SUM shift and go to state 49

    valores                        shift and go to state 44
    select_finales_funciones       shift and go to state 55
    Funcion_agregada               shift and go to state 41

state 80

    (39) Funcion_agregada -> PALABRA_CLAVE_AVG PAR_IZQ . expresion PAR_DER
    (44) expresion -> . ID
    (45) expresion -> . valores_funciones
    (46) expresion -> . ID OPERADOR expresion
    (47) expresion -> . valores_funciones OPERADOR expresion
    (36) valores_funciones -> . NUMERO_ENTERO
    (37) valores_funciones -> . NUMERO_DECIMAL

    ID              shift and go to state 63
    NUMERO_ENTERO   shift and go to state 64
    NUMERO_DECIMAL  shift and go to state 65

    expresion                      shift and go to state 61
    valores_funciones              shift and go to state 110

state 81

    (40) Funcion_agregada -> PALABRA_CLAVE_MAX PAR_IZQ . expresion PAR_DER
    (44) expresion -> . ID
    (45) expresion -> . valores_funciones
    (46) expresion -> . ID OPERADOR expresion
    (47) expresion -> . valores_funciones OPERADOR expresion
    (36) valores_funciones -> . NUMERO_ENTERO
    (37) valores_funciones -> . NUMERO_DECIMAL

    ID              shift and go to state 63
    NUMERO_ENTERO   shift and go to state 64
    NUMERO_DECIMAL  shift and go to state 65

    expresion                      shift and go to state 67
    valores_funciones              shift and go to state 110

state 82

    (41) Funcion_agregada -> PALABRA_CLAVE_MIN PAR_IZQ . expresion PAR_DER
    (44) expresion -> . ID
    (45) expresion -> . valores_funciones
    (46) expresion -> . ID OPERADOR expresion
    (47) expresion -> . valores_funciones OPERADOR expresion
    (36) valores_funciones -> . NUMERO_ENTERO
    (37) valores_funciones -> . NUMERO_DECIMAL

    ID              shift and go to state 63
    NUMERO_ENTERO   shift and go to state 64
    NUMERO_DECIMAL  shift and go to state 65

    expresion                      shift and go to state 69
    valores_funciones              shift and go to state 110

state 83

    (42) Funcion_agregada -> PALABRA_CLAVE_COUNT PAR_IZQ . expresion PAR_DER
    (44) expresion -> . ID
    (45) expresion -> . valores_funciones
    (46) expresion -> . ID OPERADOR expresion
    (47) expresion -> . valores_funciones OPERADOR expresion
    (36) valores_funciones -> . NUMERO_ENTERO
    (37) valores_funciones -> . NUMERO_DECIMAL

    ID              shift and go to state 63
    NUMERO_ENTERO   shift and go to state 64
    NUMERO_DECIMAL  shift and go to state 65

    expresion                      shift and go to state 71
    valores_funciones              shift and go to state 110

state 84

    (43) Funcion_agregada -> PALABRA_CLAVE_SUM PAR_IZQ . expresion PAR_DER
    (44) expresion -> . ID
    (45) expresion -> . valores_funciones
    (46) expresion -> . ID OPERADOR expresion
    (47) expresion -> . valores_funciones OPERADOR expresion
    (36) valores_funciones -> . NUMERO_ENTERO
    (37) valores_funciones -> . NUMERO_DECIMAL

    ID              shift and go to state 63
    NUMERO_ENTERO   shift and go to state 64
    NUMERO_DECIMAL  shift and go to state 65

    expresion                      shift and go to state 73
    valores_funciones              shift and go to state 110

state 85

    (49) select_finales_funciones -> valores COMA . select_finales_funciones
    (16) columnas -> valores COMA . columnas
    (48) select_finales_funciones -> . ID COMA select_finales_funciones
    (49) select_finales_funciones -> . valores COMA select_finales_funciones
    (50) select_finales_funciones -> . Funcion_agregada COMA select_finales_funciones
    (51) select_finales_funciones -> . ID
    (52) select_finales_funciones -> . valores
    (53) select_finales_funciones -> . Funcion_agregada
    (13) columnas -> . ID
    (14) columnas -> . valores
    (15) columnas -> . ID COMA columnas
    (16) columnas -> . valores COMA columnas
    (17) columnas -> . ID OPERADOR ID
    (18) columnas -> . ID OPERADOR valores
    (19) columnas -> . valores OPERADOR valores
    (20) columnas -> . valores OPERADOR ID
    (21) columnas -> . ID OPERADOR ID COMA columnas
    (22) columnas -> . ID OPERADOR valores COMA columnas
    (23) columnas -> . valores OPERADOR valores COMA columnas
    (24) columnas -> . valores OPERADOR ID COMA columnas
    (9) valores -> . DATE
    (10) valores -> . NUMERO_ENTERO
    (11) valores -> . NUMERO_DECIMAL
    (12) valores -> . CADENA
    (39) Funcion_agregada -> . PALABRA_CLAVE_AVG PAR_IZQ expresion PAR_DER
    (40) Funcion_agregada -> . PALABRA_CLAVE_MAX PAR_IZQ expresion PAR_DER
    (41) Funcion_agregada -> . PALABRA_CLAVE_MIN PAR_IZQ expresion PAR_DER
    (42) Funcion_agregada -> . PALABRA_CLAVE_COUNT PAR_IZQ expresion PAR_DER
    (43) Funcion_agregada -> . PALABRA_CLAVE_SUM PAR_IZQ expresion PAR_DER

    ID              shift and go to state 12
    DATE            shift and go to state 19
    NUMERO_ENTERO   shift and go to state 20
    NUMERO_DECIMAL  shift and go to state 21
    CADENA          shift and go to state 22
    PALABRA_CLAVE_AVG shift and go to state 45
    PALABRA_CLAVE_MAX shift and go to state 46
    PALABRA_CLAVE_MIN shift and go to state 47
    PALABRA_CLAVE_COUNT shift and go to state 48
    PALABRA_CLAVE_SUM shift and go to state 49

    valores                        shift and go to state 52
    select_finales_funciones       shift and go to state 55
    columnas                       shift and go to state 57
    Funcion_agregada               shift and go to state 41

state 86

    (21) columnas -> ID OPERADOR ID COMA . columnas
    (13) columnas -> . ID
    (14) columnas -> . valores
    (15) columnas -> . ID COMA columnas
    (16) columnas -> . valores COMA columnas
    (17) columnas -> . ID OPERADOR ID
    (18) columnas -> . ID OPERADOR valores
    (19) columnas -> . valores OPERADOR valores
    (20) columnas -> . valores OPERADOR ID
    (21) columnas -> . ID OPERADOR ID COMA columnas
    (22) columnas -> . ID OPERADOR valores COMA columnas
    (23) columnas -> . valores OPERADOR valores COMA columnas
    (24) columnas -> . valores OPERADOR ID COMA columnas
    (9) valores -> . DATE
    (10) valores -> . NUMERO_ENTERO
    (11) valores -> . NUMERO_DECIMAL
    (12) valores -> . CADENA

    ID              shift and go to state 111
    DATE            shift and go to state 19
    NUMERO_ENTERO   shift and go to state 20
    NUMERO_DECIMAL  shift and go to state 21
    CADENA          shift and go to state 22

    columnas                       shift and go to state 112
    valores                        shift and go to state 113

state 87

    (22) columnas -> ID OPERADOR valores COMA . columnas
    (13) columnas -> . ID
    (14) columnas -> . valores
    (15) columnas -> . ID COMA columnas
    (16) columnas -> . valores COMA columnas
    (17) columnas -> . ID OPERADOR ID
    (18) columnas -> . ID OPERADOR valores
    (19) columnas -> . valores OPERADOR valores
    (20) columnas -> . valores OPERADOR ID
    (21) columnas -> . ID OPERADOR ID COMA columnas
    (22) columnas -> . ID OPERADOR valores COMA columnas
    (23) columnas -> . valores OPERADOR valores COMA columnas
    (24) columnas -> . valores OPERADOR ID COMA columnas
    (9) valores -> . DATE
    (10) valores -> . NUMERO_ENTERO
    (11) valores -> . NUMERO_DECIMAL
    (12) valores -> . CADENA

    ID              shift and go to state 111
    DATE            shift and go to state 19
    NUMERO_ENTERO   shift and go to state 20
    NUMERO_DECIMAL  shift and go to state 21
    CADENA          shift and go to state 22

    valores                        shift and go to state 113
    columnas                       shift and go to state 114

state 88

    (23) columnas -> valores OPERADOR valores COMA . columnas
    (13) columnas -> . ID
    (14) columnas -> . valores
    (15) columnas -> . ID COMA columnas
    (16) columnas -> . valores COMA columnas
    (17) columnas -> . ID OPERADOR ID
    (18) columnas -> . ID OPERADOR valores
    (19) columnas -> . valores OPERADOR valores
    (20) columnas -> . valores OPERADOR ID
    (21) columnas -> . ID OPERADOR ID COMA columnas
    (22) columnas -> . ID OPERADOR valores COMA columnas
    (23) columnas -> . valores OPERADOR valores COMA columnas
    (24) columnas -> . valores OPERADOR ID COMA columnas
    (9) valores -> . DATE
    (10) valores -> . NUMERO_ENTERO
    (11) valores -> . NUMERO_DECIMAL
    (12) valores -> . CADENA

    ID              shift and go to state 111
    DATE            shift and go to state 19
    NUMERO_ENTERO   shift and go to state 20
    NUMERO_DECIMAL  shift and go to state 21
    CADENA          shift and go to state 22

    valores                        shift and go to state 113
    columnas                       shift and go to state 115

state 89

    (24) columnas -> valores OPERADOR ID COMA . columnas
    (13) columnas -> . ID
    (14) columnas -> . valores
    (15) columnas -> . ID COMA columnas
    (16) columnas -> . valores COMA columnas
    (17) columnas -> . ID OPERADOR ID
    (18) columnas -> . ID OPERADOR valores
    (19) columnas -> . valores OPERADOR valores
    (20) columnas -> . valores OPERADOR ID
    (21) columnas -> . ID OPERADOR ID COMA columnas
    (22) columnas -> . ID OPERADOR valores COMA columnas
    (23) columnas -> . valores OPERADOR valores COMA columnas
    (24) columnas -> . valores OPERADOR ID COMA columnas
    (9) valores -> . DATE
    (10) valores -> . NUMERO_ENTERO
    (11) valores -> . NUMERO_DECIMAL
    (12) valores -> . CADENA

    ID              shift and go to state 111
    DATE            shift and go to state 19
    NUMERO_ENTERO   shift and go to state 20
    NUMERO_DECIMAL  shift and go to state 21
    CADENA          shift and go to state 22

    valores                        shift and go to state 113
    columnas                       shift and go to state 116

state 90

    (29) Funcion_agregada_individual -> PALABRA_CLAVE_AVG PAR_IZQ expresion_individual PAR_DER .

    $end            reduce using rule 29 (Funcion_agregada_individual -> PALABRA_CLAVE_AVG PAR_IZQ expresion_individual PAR_DER .)


state 91

    (39) Funcion_agregada -> PALABRA_CLAVE_AVG PAR_IZQ expresion PAR_DER .

    COMA            reduce using rule 39 (Funcion_agregada -> PALABRA_CLAVE_AVG PAR_IZQ expresion PAR_DER .)
    PALABRA_CLAVE_FROM reduce using rule 39 (Funcion_agregada -> PALABRA_CLAVE_AVG PAR_IZQ expresion PAR_DER .)


state 92

    (35) expresion_individual -> valores_funciones OPERADOR . expresion_individual
    (47) expresion -> valores_funciones OPERADOR . expresion
    (34) expresion_individual -> . valores_funciones
    (35) expresion_individual -> . valores_funciones OPERADOR expresion_individual
    (44) expresion -> . ID
    (45) expresion -> . valores_funciones
    (46) expresion -> . ID OPERADOR expresion
    (47) expresion -> . valores_funciones OPERADOR expresion
    (36) valores_funciones -> . NUMERO_ENTERO
    (37) valores_funciones -> . NUMERO_DECIMAL

    ID              shift and go to state 63
    NUMERO_ENTERO   shift and go to state 64
    NUMERO_DECIMAL  shift and go to state 65

    valores_funciones              shift and go to state 62
    expresion_individual           shift and go to state 117
    expresion                      shift and go to state 118

state 93

    (46) expresion -> ID OPERADOR . expresion
    (44) expresion -> . ID
    (45) expresion -> . valores_funciones
    (46) expresion -> . ID OPERADOR expresion
    (47) expresion -> . valores_funciones OPERADOR expresion
    (36) valores_funciones -> . NUMERO_ENTERO
    (37) valores_funciones -> . NUMERO_DECIMAL

    ID              shift and go to state 63
    NUMERO_ENTERO   shift and go to state 64
    NUMERO_DECIMAL  shift and go to state 65

    expresion                      shift and go to state 119
    valores_funciones              shift and go to state 110

state 94

    (30) Funcion_agregada_individual -> PALABRA_CLAVE_MAX PAR_IZQ expresion_individual PAR_DER .

    $end            reduce using rule 30 (Funcion_agregada_individual -> PALABRA_CLAVE_MAX PAR_IZQ expresion_individual PAR_DER .)


state 95

    (40) Funcion_agregada -> PALABRA_CLAVE_MAX PAR_IZQ expresion PAR_DER .

    COMA            reduce using rule 40 (Funcion_agregada -> PALABRA_CLAVE_MAX PAR_IZQ expresion PAR_DER .)
    PALABRA_CLAVE_FROM reduce using rule 40 (Funcion_agregada -> PALABRA_CLAVE_MAX PAR_IZQ expresion PAR_DER .)


state 96

    (31) Funcion_agregada_individual -> PALABRA_CLAVE_MIN PAR_IZQ expresion_individual PAR_DER .

    $end            reduce using rule 31 (Funcion_agregada_individual -> PALABRA_CLAVE_MIN PAR_IZQ expresion_individual PAR_DER .)


state 97

    (41) Funcion_agregada -> PALABRA_CLAVE_MIN PAR_IZQ expresion PAR_DER .

    COMA            reduce using rule 41 (Funcion_agregada -> PALABRA_CLAVE_MIN PAR_IZQ expresion PAR_DER .)
    PALABRA_CLAVE_FROM reduce using rule 41 (Funcion_agregada -> PALABRA_CLAVE_MIN PAR_IZQ expresion PAR_DER .)


state 98

    (32) Funcion_agregada_individual -> PALABRA_CLAVE_COUNT PAR_IZQ expresion_individual PAR_DER .

    $end            reduce using rule 32 (Funcion_agregada_individual -> PALABRA_CLAVE_COUNT PAR_IZQ expresion_individual PAR_DER .)


state 99

    (42) Funcion_agregada -> PALABRA_CLAVE_COUNT PAR_IZQ expresion PAR_DER .

    COMA            reduce using rule 42 (Funcion_agregada -> PALABRA_CLAVE_COUNT PAR_IZQ expresion PAR_DER .)
    PALABRA_CLAVE_FROM reduce using rule 42 (Funcion_agregada -> PALABRA_CLAVE_COUNT PAR_IZQ expresion PAR_DER .)


state 100

    (33) Funcion_agregada_individual -> PALABRA_CLAVE_SUM PAR_IZQ expresion_individual PAR_DER .

    $end            reduce using rule 33 (Funcion_agregada_individual -> PALABRA_CLAVE_SUM PAR_IZQ expresion_individual PAR_DER .)


state 101

    (43) Funcion_agregada -> PALABRA_CLAVE_SUM PAR_IZQ expresion PAR_DER .

    COMA            reduce using rule 43 (Funcion_agregada -> PALABRA_CLAVE_SUM PAR_IZQ expresion PAR_DER .)
    PALABRA_CLAVE_FROM reduce using rule 43 (Funcion_agregada -> PALABRA_CLAVE_SUM PAR_IZQ expresion PAR_DER .)


state 102

    (3) Inicio_consultas -> PALABRA_CLAVE_SELECT select_intermedio PALABRA_CLAVE_FROM from_individual PALABRA_CLAVE_WHERE where .

    $end            reduce using rule 3 (Inicio_consultas -> PALABRA_CLAVE_SELECT select_intermedio PALABRA_CLAVE_FROM from_individual PALABRA_CLAVE_WHERE where .)


state 103

    (63) where -> condicion_where .

    $end            reduce using rule 63 (where -> condicion_where .)
    PALABRA_CLAVE_GROUP_BY reduce using rule 63 (where -> condicion_where .)


state 104

    (64) condicion_where -> ID . IGUAL datos_where
    (65) condicion_where -> ID . COMPARADOR datos_where

    IGUAL           shift and go to state 120
    COMPARADOR      shift and go to state 121


state 105

    (72) tabla -> ID COMA tabla .

    PALABRA_CLAVE_WHERE reduce using rule 72 (tabla -> ID COMA tabla .)
    $end            reduce using rule 72 (tabla -> ID COMA tabla .)
    PALABRA_CLAVE_GROUP_BY reduce using rule 72 (tabla -> ID COMA tabla .)


state 106

    (6) Inicio_consultas -> PALABRA_CLAVE_SELECT select_finales_funciones PALABRA_CLAVE_FROM from_individual PALABRA_CLAVE_GROUP_BY datos_groupby .

    $end            reduce using rule 6 (Inicio_consultas -> PALABRA_CLAVE_SELECT select_finales_funciones PALABRA_CLAVE_FROM from_individual PALABRA_CLAVE_GROUP_BY datos_groupby .)


state 107

    (25) datos_groupby -> INFO .

    $end            reduce using rule 25 (datos_groupby -> INFO .)


state 108

    (26) INFO -> ID .
    (27) INFO -> ID . COMA INFO

    $end            reduce using rule 26 (INFO -> ID .)
    COMA            shift and go to state 122


state 109

    (7) Inicio_consultas -> PALABRA_CLAVE_SELECT select_finales_funciones PALABRA_CLAVE_FROM from_individual PALABRA_CLAVE_WHERE where . PALABRA_CLAVE_GROUP_BY datos_groupby

    PALABRA_CLAVE_GROUP_BY shift and go to state 123


state 110

    (45) expresion -> valores_funciones .
    (47) expresion -> valores_funciones . OPERADOR expresion

    PAR_DER         reduce using rule 45 (expresion -> valores_funciones .)
    OPERADOR        shift and go to state 124


state 111

    (13) columnas -> ID .
    (15) columnas -> ID . COMA columnas
    (17) columnas -> ID . OPERADOR ID
    (18) columnas -> ID . OPERADOR valores
    (21) columnas -> ID . OPERADOR ID COMA columnas
    (22) columnas -> ID . OPERADOR valores COMA columnas

    PALABRA_CLAVE_FROM reduce using rule 13 (columnas -> ID .)
    COMA            shift and go to state 125
    OPERADOR        shift and go to state 28


state 112

    (21) columnas -> ID OPERADOR ID COMA columnas .

    PALABRA_CLAVE_FROM reduce using rule 21 (columnas -> ID OPERADOR ID COMA columnas .)


state 113

    (14) columnas -> valores .
    (16) columnas -> valores . COMA columnas
    (19) columnas -> valores . OPERADOR valores
    (20) columnas -> valores . OPERADOR ID
    (23) columnas -> valores . OPERADOR valores COMA columnas
    (24) columnas -> valores . OPERADOR ID COMA columnas

    PALABRA_CLAVE_FROM reduce using rule 14 (columnas -> valores .)
    COMA            shift and go to state 126
    OPERADOR        shift and go to state 30


state 114

    (22) columnas -> ID OPERADOR valores COMA columnas .

    PALABRA_CLAVE_FROM reduce using rule 22 (columnas -> ID OPERADOR valores COMA columnas .)


state 115

    (23) columnas -> valores OPERADOR valores COMA columnas .

    PALABRA_CLAVE_FROM reduce using rule 23 (columnas -> valores OPERADOR valores COMA columnas .)


state 116

    (24) columnas -> valores OPERADOR ID COMA columnas .

    PALABRA_CLAVE_FROM reduce using rule 24 (columnas -> valores OPERADOR ID COMA columnas .)


state 117

    (35) expresion_individual -> valores_funciones OPERADOR expresion_individual .

    PAR_DER         reduce using rule 35 (expresion_individual -> valores_funciones OPERADOR expresion_individual .)


state 118

    (47) expresion -> valores_funciones OPERADOR expresion .

    PAR_DER         reduce using rule 47 (expresion -> valores_funciones OPERADOR expresion .)


state 119

    (46) expresion -> ID OPERADOR expresion .

    PAR_DER         reduce using rule 46 (expresion -> ID OPERADOR expresion .)


state 120

    (64) condicion_where -> ID IGUAL . datos_where
    (66) datos_where -> . ID
    (67) datos_where -> . valores
    (68) datos_where -> . valores OPERADOR datos_where
    (69) datos_where -> . ID OPERADOR datos_where
    (9) valores -> . DATE
    (10) valores -> . NUMERO_ENTERO
    (11) valores -> . NUMERO_DECIMAL
    (12) valores -> . CADENA

    ID              shift and go to state 127
    DATE            shift and go to state 19
    NUMERO_ENTERO   shift and go to state 20
    NUMERO_DECIMAL  shift and go to state 21
    CADENA          shift and go to state 22

    datos_where                    shift and go to state 128
    valores                        shift and go to state 129

state 121

    (65) condicion_where -> ID COMPARADOR . datos_where
    (66) datos_where -> . ID
    (67) datos_where -> . valores
    (68) datos_where -> . valores OPERADOR datos_where
    (69) datos_where -> . ID OPERADOR datos_where
    (9) valores -> . DATE
    (10) valores -> . NUMERO_ENTERO
    (11) valores -> . NUMERO_DECIMAL
    (12) valores -> . CADENA

    ID              shift and go to state 127
    DATE            shift and go to state 19
    NUMERO_ENTERO   shift and go to state 20
    NUMERO_DECIMAL  shift and go to state 21
    CADENA          shift and go to state 22

    datos_where                    shift and go to state 130
    valores                        shift and go to state 129

state 122

    (27) INFO -> ID COMA . INFO
    (26) INFO -> . ID
    (27) INFO -> . ID COMA INFO

    ID              shift and go to state 108

    INFO                           shift and go to state 131

state 123

    (7) Inicio_consultas -> PALABRA_CLAVE_SELECT select_finales_funciones PALABRA_CLAVE_FROM from_individual PALABRA_CLAVE_WHERE where PALABRA_CLAVE_GROUP_BY . datos_groupby
    (25) datos_groupby -> . INFO
    (26) INFO -> . ID
    (27) INFO -> . ID COMA INFO

    ID              shift and go to state 108

    datos_groupby                  shift and go to state 132
    INFO                           shift and go to state 107

state 124

    (47) expresion -> valores_funciones OPERADOR . expresion
    (44) expresion -> . ID
    (45) expresion -> . valores_funciones
    (46) expresion -> . ID OPERADOR expresion
    (47) expresion -> . valores_funciones OPERADOR expresion
    (36) valores_funciones -> . NUMERO_ENTERO
    (37) valores_funciones -> . NUMERO_DECIMAL

    ID              shift and go to state 63
    NUMERO_ENTERO   shift and go to state 64
    NUMERO_DECIMAL  shift and go to state 65

    valores_funciones              shift and go to state 110
    expresion                      shift and go to state 118

state 125

    (15) columnas -> ID COMA . columnas
    (13) columnas -> . ID
    (14) columnas -> . valores
    (15) columnas -> . ID COMA columnas
    (16) columnas -> . valores COMA columnas
    (17) columnas -> . ID OPERADOR ID
    (18) columnas -> . ID OPERADOR valores
    (19) columnas -> . valores OPERADOR valores
    (20) columnas -> . valores OPERADOR ID
    (21) columnas -> . ID OPERADOR ID COMA columnas
    (22) columnas -> . ID OPERADOR valores COMA columnas
    (23) columnas -> . valores OPERADOR valores COMA columnas
    (24) columnas -> . valores OPERADOR ID COMA columnas
    (9) valores -> . DATE
    (10) valores -> . NUMERO_ENTERO
    (11) valores -> . NUMERO_DECIMAL
    (12) valores -> . CADENA

    ID              shift and go to state 111
    DATE            shift and go to state 19
    NUMERO_ENTERO   shift and go to state 20
    NUMERO_DECIMAL  shift and go to state 21
    CADENA          shift and go to state 22

    columnas                       shift and go to state 51
    valores                        shift and go to state 113

state 126

    (16) columnas -> valores COMA . columnas
    (13) columnas -> . ID
    (14) columnas -> . valores
    (15) columnas -> . ID COMA columnas
    (16) columnas -> . valores COMA columnas
    (17) columnas -> . ID OPERADOR ID
    (18) columnas -> . ID OPERADOR valores
    (19) columnas -> . valores OPERADOR valores
    (20) columnas -> . valores OPERADOR ID
    (21) columnas -> . ID OPERADOR ID COMA columnas
    (22) columnas -> . ID OPERADOR valores COMA columnas
    (23) columnas -> . valores OPERADOR valores COMA columnas
    (24) columnas -> . valores OPERADOR ID COMA columnas
    (9) valores -> . DATE
    (10) valores -> . NUMERO_ENTERO
    (11) valores -> . NUMERO_DECIMAL
    (12) valores -> . CADENA

    ID              shift and go to state 111
    DATE            shift and go to state 19
    NUMERO_ENTERO   shift and go to state 20
    NUMERO_DECIMAL  shift and go to state 21
    CADENA          shift and go to state 22

    valores                        shift and go to state 113
    columnas                       shift and go to state 57

state 127

    (66) datos_where -> ID .
    (69) datos_where -> ID . OPERADOR datos_where

    $end            reduce using rule 66 (datos_where -> ID .)
    PALABRA_CLAVE_GROUP_BY reduce using rule 66 (datos_where -> ID .)
    OPERADOR        shift and go to state 133


state 128

    (64) condicion_where -> ID IGUAL datos_where .

    $end            reduce using rule 64 (condicion_where -> ID IGUAL datos_where .)
    PALABRA_CLAVE_GROUP_BY reduce using rule 64 (condicion_where -> ID IGUAL datos_where .)


state 129

    (67) datos_where -> valores .
    (68) datos_where -> valores . OPERADOR datos_where

    $end            reduce using rule 67 (datos_where -> valores .)
    PALABRA_CLAVE_GROUP_BY reduce using rule 67 (datos_where -> valores .)
    OPERADOR        shift and go to state 134


state 130

    (65) condicion_where -> ID COMPARADOR datos_where .

    $end            reduce using rule 65 (condicion_where -> ID COMPARADOR datos_where .)
    PALABRA_CLAVE_GROUP_BY reduce using rule 65 (condicion_where -> ID COMPARADOR datos_where .)


state 131

    (27) INFO -> ID COMA INFO .

    $end            reduce using rule 27 (INFO -> ID COMA INFO .)


state 132

    (7) Inicio_consultas -> PALABRA_CLAVE_SELECT select_finales_funciones PALABRA_CLAVE_FROM from_individual PALABRA_CLAVE_WHERE where PALABRA_CLAVE_GROUP_BY datos_groupby .

    $end            reduce using rule 7 (Inicio_consultas -> PALABRA_CLAVE_SELECT select_finales_funciones PALABRA_CLAVE_FROM from_individual PALABRA_CLAVE_WHERE where PALABRA_CLAVE_GROUP_BY datos_groupby .)


state 133

    (69) datos_where -> ID OPERADOR . datos_where
    (66) datos_where -> . ID
    (67) datos_where -> . valores
    (68) datos_where -> . valores OPERADOR datos_where
    (69) datos_where -> . ID OPERADOR datos_where
    (9) valores -> . DATE
    (10) valores -> . NUMERO_ENTERO
    (11) valores -> . NUMERO_DECIMAL
    (12) valores -> . CADENA

    ID              shift and go to state 127
    DATE            shift and go to state 19
    NUMERO_ENTERO   shift and go to state 20
    NUMERO_DECIMAL  shift and go to state 21
    CADENA          shift and go to state 22

    datos_where                    shift and go to state 135
    valores                        shift and go to state 129

state 134

    (68) datos_where -> valores OPERADOR . datos_where
    (66) datos_where -> . ID
    (67) datos_where -> . valores
    (68) datos_where -> . valores OPERADOR datos_where
    (69) datos_where -> . ID OPERADOR datos_where
    (9) valores -> . DATE
    (10) valores -> . NUMERO_ENTERO
    (11) valores -> . NUMERO_DECIMAL
    (12) valores -> . CADENA

    ID              shift and go to state 127
    DATE            shift and go to state 19
    NUMERO_ENTERO   shift and go to state 20
    NUMERO_DECIMAL  shift and go to state 21
    CADENA          shift and go to state 22

    valores                        shift and go to state 129
    datos_where                    shift and go to state 136

state 135

    (69) datos_where -> ID OPERADOR datos_where .

    $end            reduce using rule 69 (datos_where -> ID OPERADOR datos_where .)
    PALABRA_CLAVE_GROUP_BY reduce using rule 69 (datos_where -> ID OPERADOR datos_where .)


state 136

    (68) datos_where -> valores OPERADOR datos_where .

    $end            reduce using rule 68 (datos_where -> valores OPERADOR datos_where .)
    PALABRA_CLAVE_GROUP_BY reduce using rule 68 (datos_where -> valores OPERADOR datos_where .)

WARNING: 
WARNING: Conflicts:
WARNING: 
WARNING: reduce/reduce conflict in state 11 resolved using rule (select_intermedio_funciones -> Funcion_agregada)
WARNING: rejected rule (select_finales_funciones -> Funcion_agregada) in state 11
WARNING: reduce/reduce conflict in state 12 resolved using rule (columnas -> ID)
WARNING: rejected rule (select_finales_funciones -> ID) in state 12
WARNING: reduce/reduce conflict in state 13 resolved using rule (columnas -> valores)
WARNING: rejected rule (select_finales_funciones -> valores) in state 13
WARNING: reduce/reduce conflict in state 52 resolved using rule (columnas -> valores)
WARNING: rejected rule (select_finales_funciones -> valores) in state 52
WARNING: reduce/reduce conflict in state 62 resolved using rule (expresion_individual -> valores_funciones)
WARNING: rejected rule (expresion -> valores_funciones) in state 62
